wwwww..~~~~~..wwwwwwwwwwwwwwwwwwwwwwwwwwwwwwwwwwwwwwwwwwwwwwwwww
www...~~~~~~~...wwwwwwwwwwwwwwwwwwwwwwwwwwwwwwwwwwwwwwwwwwwwwwww
w..~~~~~~~~....wwwwwwwwwwwwwwwwwwwwwwwwwwwwwwwwwwwwwwwwwwwwwwwww
ww...~~~~~~...wwwwwwwwwwwwwwwwwwwwwwwwwwwwwwwwwwwwwwwwwwwwwwwwww
www........ww...wwwwwww.wwwwwwwwwwww.......wwwwwwwww.......wwwww
wwwww...www....wwwwwwww.wwwwwwwwwwwwwwwwww.wwwwwwwwwwwwwww.wwwww
wwwwwwwwwwwwwwwwwwwwwww.wwwwwwwwwwwwwwwwww.wwwwwwwwwwwwwww.wwwww
...wwwwwwwwwwwwwwwwwwww.wwwwwwwwwwww.......wwwwwwwww.......wwwww
wwwwwwwwwwwwwwwwwwwwwww.wwwwwwwwwwww.wwwwwwwwwwwwwwwwwwwww.wwwww
www........ww...wwwwwww.wwwwwwwwwwww.wwwwwwwwwwwwwwwwwwwww.wwwww
ww....wwwwwwww.wwwwwwww.wwwwwwwwwwww.......wwwwwwwww.......wwwww
ww......~~~.....wwwwwwwwwwwwwwwwwwwwwwwwwwwwwwwwwwwwwwwwwwwwwwww
.............wwwwwwwwwwwwwwwwwwwwwwwwwwwwwwwwwwwwwwwwwwwwwwwwwww
wwwwwwwwwwwwwwwwwwwwwwwwwwwwwwwwwwwwwwwwwwwwwwwwwwwwwwwwwwwwwwww
wwwwwwwwwwwwwwwwwwwwwwwwwwwwwwwwwwwwwwwwwwwwwwwwwwwwwwwwwwwwwwww
wwwwwwwwwwwwwwwwwwwwwwwwwwwwwwwwwwwwwwwwwwwwwwwwwwwwwwwwwwwwwwww
wwwwwwwwwwwwwwwwwwwwwwwwwwwwwwwwwwwwwwwwwwwwwwwwwwwwwwwwwwwwwwww
wwwwwwwwwwwwwwwwwwwwwwwwwwwwwwwwwwwwwwwwwwwwwwwwwwwwwwwwwwwwwwww
wwwwwwwwwwwwwwwwwwwwwwwwwwwwwwwwwwwwwwwwwwwwwwwwwwwwwwwwwwwwwwww
wwww.wwwww.wwwwwwwww.......wwwwwwwww.......wwwwwwwww.......wwwww
wwww.wwwww.wwwwwwwww.wwwwwwwwwwwwwww.wwwwwwwwwwwwwwwwwwwww.wwwww
wwww.wwwww.wwwwwwwww.wwwwwwwwwwwwwww.wwwwwwwwwwwwwwwwwwwww.wwwww
wwww.......wwwwwwwww.......wwwwwwwww.......wwwwwwwwwwwwwww.wwwww
wwwwwwwwww.wwwwwwwwwwwwwww.wwwwwwwww.wwwww.wwwwwwwwwwwwwww.wwwww
wwwwwwwwww.wwwwwwwwwwwwwww.wwwwwwwww.wwwww.wwwwwwwwwwwwwww.wwwww
wwwwwwwwww.wwwwwwwww.......wwwwwwwww.......wwwwwwwwwwwwwww.wwwww
wwwwwwwwwwwwwwwwwwwwwwwwwwwwwwwwwwwwwwwwwwwwwwwwwwwwwwwwwwwwwwww
wwwwwwwwwwwwwwwwwwwwwwwwwwwwwwwwwwwwwwwwwwwwwwwwwwwwwwwwwwwwwwww
wwwwwwwwwwwwwwwwwwwwwwwwwwwwwwwwwwwwwwwwwwwwwwwwwwwwwwwwwwwwwwww
wwwwwwwwwwwwwwwwwwwwwwwwwwwwwwwwwwwwwwwwwwwwwwwwwwwwwwwwwwwwwwww