wwwww..~~~~~..wwwwwwwwwwwwwwwwwwwwwwwwwwwwwwwwwwwwwwwwwwwwwwww.w
w.w.w.w.w.w.w.w.w.w.w.w.w.w.w.w.w.w.w.w.w.w.w.w.w.w.w.w.w.w.w.w.
ww.~~~~~~~~....wwwwwwwwwwwwwwwwwwwwwwwwwwwwwwwwwwwwwwwwwwwwwww.w
w....~~~~~~...wwwwwwwwwwwwwwwwwwwwwwwwwwwwwwwwwwwwwwwwwwwwwwwwww
www........ww...wwwwwww.wwwwwwwwwwww.......wwwwwwwww.......www.w
w.www...www....wwwwwwww.wwwwwwwwwwwwwwwwww.wwwwwwwwwwwwwww.wwwww
wwwwwwwwwwwwwwwwwwwwwww.wwwwwwwwwwwwwwwwww.wwwwwwwwwwwwwww.www.w
...wwwwwwwwwwwwwwwwwwwP.wwPwwwwwwwww.......wwwwwwwww.......wwwww
wwwwwwwwwwwwwwwwwwwwwww.wwwwwwwwwwww.wwwwwwwwwwwwwwwwwwwww.www.w
w.w........ww...wwwwwww.wwwwwwwwwwww.wwwwwwwwwwwwwwwwwwwww.wwwww
ww....wwwwwwww.wwwwwwww.wwwwwwwwwwww.......wwwwwwwww.......www.w
w.......~~~.....wwwwwwPwwwPwwwwwwwwwwwwwwwwwwwwwwwwwwwwwwwwwwwww
.w...........wwwwwwwwwwwwwwwwwwwwwwwwwwwwwwwwwwwwwwwwwwwwwwwww.w
w.wwwwwwwwwwwwwwwwwwwwwwwwwwwwwwwwwwwwwwwwwwwwwwwwwwwwwwwwwwwwww
wwwwwwwwwwwwwwwwwwwwwwwwwwwwwwwwwwwwwwwwwwwwwwwwwwwwwwwwwwwwww.w
w.wwwwwwwwwwwwwwwwwwwwwwwwwwwwwwwwwwwwwwwwwwwwwwwwwwwwwwwwwwwwww
wwwwwwwwwwwwwwwwwwwwwwwwwwwwwwwwwwwwwwwwwwwwwwwwwwwwwwwwwwwwww.w
w.wwwwwwwwwwwwwwwwwwwwwwwwwwwwwwwwwwwwwwwwwwwwwwwwwwwwwwwwwwwwww
wwwwwwwwwwwwwwwwwwwwwwwwwwwwwwwwwwwwwwwwwwwwwwwwwwwwwwwwwwwwww.w
w.ww.wwwww.wwwwwwwww.......wwwwwwwww.......wwwwwwwww.......wwwww
wwww.wwwww.wwwwwwwww.wwwwwwwwwwwwwww.wwwwwwwwwwwwwwwwwwwww.www.w
w.ww.wwwww.wwwwwwwww.wwwwwwwwwwwwwww.wwwwwwwwwwwwwwwwwwwww.wwwww
wwww.......wwwwwwwww.......wwwwwwwww.......wwwwwwwwwwwwwww.www.w
w.wwwwwwww.wwwwwwwwwwwwwww.wwwwwwwww.wwwww.wwwwwwwwwwwwwww.wwwww
wwwwwwwwww.wwwwwwwwwwwwwww.wwwwwwwww.wwwww.wwwwwwwwwwwwwww.www.w
w.wwwwwwww.wwwwwwwww.......wwwwwwwww.......wwwwwwwwwwwwwww.wwwww
wwwwwwwwwwwwwwwwwwwwwwwwwwwwwwwwwwwwwwwwwwwwwwwwwwwwwwwwwwwwww.w
w.wwwwwwwwwwwwwwwwwwwwwwwwwwwwwwwwwwwwwwwwwwwwwwwwwwwwwwwwwwwwww
.w.w.w.w.w.w.w.w.w.w.w.w.w.w.w.w.w.w.w.w.w.w.w.w.w.w.w.w.w.w.w.w
w.wwwwwwwwwwwwwwwwwwwwwwwwwwwwwwwwwwwwwwwwwwwwwwwwwwwwwwwwwwwwww

test_cave.map
test_cave.map
test_cave.map
test_cave.map